<html>
<body>
<pre>
<h1>µVision Build Log</h1>
<h2>Tool Versions:</h2>
IDE-Version: µVision V5.38.0.0
Copyright (C) 2022 ARM Ltd and ARM Germany GmbH. All rights reserved.
License Information: Gustavo Rocha, UNIFEI, LIC=----
 
Tool Versions:
Toolchain:       MDK-Lite  Version: 5.38.0.0
Toolchain Path:  C:\Keil_v5\ARM\ARMCLANG\Bin
C Compiler:      ArmClang.exe V6.19
Assembler:       Armasm.exe V6.19
Linker/Locator:  ArmLink.exe V6.19
Library Manager: ArmAr.exe V6.19
Hex Converter:   FromElf.exe V6.19
CPU DLL:         SARMCM3.DLL V5.38.0.0
Dialog DLL:      DCM.DLL V1.17.5.0
Target DLL:      STLink\ST-LINKIII-KEIL_SWO.dll V3.1.0.0
Dialog DLL:      TCM.DLL V1.56.4.0
 
<h2>Project:</h2>
C:\ELD113\projeto_teclado.uvprojx
Project File Date:  07/18/2023

<h2>Output:</h2>
*** Using Compiler 'V6.19', folder: 'C:\Keil_v5\ARM\ARMCLANG\Bin'
Rebuild target 'Target 1'
main.c(1): warning: In file included from...
C:/Users/gusta/AppData/Local/Arm/Packs/Keil/STM32F1xx_DFP/2.4.1/Device/Include\stm32f10x.h(18): warning: invalid UTF-8 in comment [-Winvalid-utf8]
  *              - To use or not the peripheral<92>s drivers in application code(i.e. 
                                               ^
C:/Users/gusta/AppData/Local/Arm/Packs/Keil/STM32F1xx_DFP/2.4.1/Device/Include\stm32f10x.h(19): warning: invalid UTF-8 in comment [-Winvalid-utf8]
  *                code will be based on direct access to peripheral<92>s registers 
                                                                    ^
C:/Users/gusta/AppData/Local/Arm/Packs/Keil/STM32F1xx_DFP/2.4.1/Device/Include\stm32f10x.h(26): warning: invalid UTF-8 in comment [-Winvalid-utf8]
  *           - Macros to access peripheral<92>s registers hardware
                                           ^
main.c(2): warning: extra tokens at end of #include directive [-Wextra-tokens]
#include "lcd.h".h"
                ^
main.c(2): warning: missing terminating '"' character [-Winvalid-pp-token]
#include "lcd.h".h"
                  ^
main.c(4): warning: // comments are not allowed in this language [-Wcomment]
//teclas
^
main.c(53): warning: no previous extern declaration for non-static variable 'oitava' [-Wmissing-variable-declarations]
uint8_t oitava = 1;
        ^
main.c(53): note: declare 'static' if the variable is not intended to be used outside of this translation unit
uint8_t oitava = 1;
^
main.c(54): warning: no previous extern declaration for non-static variable 'ciclo' [-Wmissing-variable-declarations]
uint8_t ciclo = 25;
        ^
main.c(54): note: declare 'static' if the variable is not intended to be used outside of this translation unit
uint8_t ciclo = 25;
^
main.c(55): warning: no previous extern declaration for non-static variable 'pot' [-Wmissing-variable-declarations]
uint32_t pot = 0;
         ^
main.c(55): note: declare 'static' if the variable is not intended to be used outside of this translation unit
uint32_t pot = 0;
^
main.c(57): warning: a function declaration without a prototype is deprecated in all versions of C [-Wstrict-prototypes]
int main() {
        ^
         void
main.c(71): warning: invalid UTF-8 in comment [-Winvalid-utf8]
        //Ativa<E7><E3>o dos clocks
               ^
main.c(75): warning: invalid UTF-8 in comment [-Winvalid-utf8]
        //Configura<E7><E3>o do GPIOA
                   ^
main.c(79): warning: invalid UTF-8 in comment [-Winvalid-utf8]
        //Configura<E7><E3>o do GPIOB
                   ^
main.c(83): warning: invalid UTF-8 in comment [-Winvalid-utf8]
        //Configura<E7><E3>o do GPIOC
                   ^
main.c(86): warning: invalid UTF-8 in comment [-Winvalid-utf8]
        //Configura<E7><E3>o do ADC
                   ^
main.c(90): warning: invalid UTF-8 in comment [-Winvalid-utf8]
        //Configura<E7><E3>o buzzer
                   ^
main.c(120): warning: implicit conversion loses integer precision: 'unsigned int' to 'uint16_t' (aka 'unsigned short') [-Wimplicit-int-conversion]
        TIM3->ARR = (72000000/((nota + (pot/25))*(TIM3->PSC+1)))-1;  
                  ~ ~~~~~~~~~~~~~~~~~~~~~~~~~~~~~~~~~~~~~~~~~~~~^~
17 warnings generated.
compiling main.c...
assembling startup_stm32f10x_md.s...
lcd.c(1): warning: In file included from...
./lcd.h(4): warning: In file included from...
C:/Users/gusta/AppData/Local/Arm/Packs/Keil/STM32F1xx_DFP/2.4.1/Device/Include\stm32f10x.h(18): warning: invalid UTF-8 in comment [-Winvalid-utf8]
  *              - To use or not the peripheral<92>s drivers in application code(i.e. 
                                               ^
C:/Users/gusta/AppData/Local/Arm/Packs/Keil/STM32F1xx_DFP/2.4.1/Device/Include\stm32f10x.h(19): warning: invalid UTF-8 in comment [-Winvalid-utf8]
  *                code will be based on direct access to peripheral<92>s registers 
                                                                    ^
C:/Users/gusta/AppData/Local/Arm/Packs/Keil/STM32F1xx_DFP/2.4.1/Device/Include\stm32f10x.h(26): warning: invalid UTF-8 in comment [-Winvalid-utf8]
  *           - Macros to access peripheral<92>s registers hardware
                                           ^
lcd.c(10): warning: implicit conversion changes signedness: 'int' to 'uint32_t' (aka 'unsigned int') [-Wsign-conversion]
        ((aux&0x0002)<<5) | ((aux&0x0001)<<8);
        ~~~~~~~~~~~~~~~~~~^~~~~~~~~~~~~~~~~~~
lcd.c(13): warning: implicit conversion changes signedness: 'int' to 'unsigned int' [-Wsign-conversion]
        GPIOA->ODR &= ~ (1<<LCD_EN);
                   ~~ ^~~~~~~~~~~~~
lcd.c(19): warning: implicit conversion changes signedness: 'int' to 'uint32_t' (aka 'unsigned int') [-Wsign-conversion]
        ((aux&0x0002)<<5) | ((aux&0x0001)<<8);
        ~~~~~~~~~~~~~~~~~~^~~~~~~~~~~~~~~~~~~
lcd.c(22): warning: implicit conversion changes signedness: 'int' to 'unsigned int' [-Wsign-conversion]
        GPIOA->ODR &= ~(1<<LCD_EN); 
                   ~~ ^~~~~~~~~~~~
lcd.c(27): warning: implicit conversion changes signedness: 'int' to 'unsigned int' [-Wsign-conversion]
        GPIOA->ODR &= ~(1<<LCD_RS);
                   ~~ ^~~~~~~~~~~~
lcd.c(45): warning: a function declaration without a prototype is deprecated in all versions of C [-Wstrict-prototypes]
void lcd_init() {
             ^
              void
lcd.c(47): warning: implicit conversion changes signedness: 'int' to 'unsigned int' [-Wsign-conversion]
        GPIOA->ODR &= ~(1<<LCD_EN);
                   ~~ ^~~~~~~~~~~~
lcd.c(65): warning: variable declaration in for loop is a C99-specific feature [-Wc99-extensions]
        for (uint16_t i = 0; i < t ; i++)
             ^
lcd.c(65): warning: GCC does not allow variable declarations in for loop initializers before C99 [-Wgcc-compat]
lcd.c(71): warning: variable declaration in for loop is a C99-specific feature [-Wc99-extensions]
        for (uint16_t i = 0; i < t ; i ++)
             ^
lcd.c(71): warning: GCC does not allow variable declarations in for loop initializers before C99 [-Wgcc-compat]
14 warnings generated.
compiling lcd.c...
RTE/Device/STM32F103C8/system_stm32f10x.c(64): warning: In file included from...
C:/Users/gusta/AppData/Local/Arm/Packs/Keil/STM32F1xx_DFP/2.4.1/Device/Include\stm32f10x.h(18): warning: invalid UTF-8 in comment [-Winvalid-utf8]
  *              - To use or not the peripheral<92>s drivers in application code(i.e. 
                                               ^
C:/Users/gusta/AppData/Local/Arm/Packs/Keil/STM32F1xx_DFP/2.4.1/Device/Include\stm32f10x.h(19): warning: invalid UTF-8 in comment [-Winvalid-utf8]
  *                code will be based on direct access to peripheral<92>s registers 
                                                                    ^
C:/Users/gusta/AppData/Local/Arm/Packs/Keil/STM32F1xx_DFP/2.4.1/Device/Include\stm32f10x.h(26): warning: invalid UTF-8 in comment [-Winvalid-utf8]
  *           - Macros to access peripheral<92>s registers hardware
                                           ^
RTE/Device/STM32F103C8/system_stm32f10x.c(166): warning: no previous extern declaration for non-static variable 'AHBPrescTable' [-Wmissing-variable-declarations]
__I uint8_t AHBPrescTable[16] = {0, 0, 0, 0, 0, 0, 0, 0, 1, 2, 3, 4, 6, 7, 8, 9};
            ^
RTE/Device/STM32F103C8/system_stm32f10x.c(166): note: declare 'static' if the variable is not intended to be used outside of this translation unit
__I uint8_t AHBPrescTable[16] = {0, 0, 0, 0, 0, 0, 0, 0, 1, 2, 3, 4, 6, 7, 8, 9};
    ^
4 warnings generated.
compiling system_stm32f10x.c...
C:/Users/gusta/AppData/Local/Arm/Packs/Keil/STM32F1xx_DFP/2.4.1/RTE_Driver/GPIO_STM32F10x.c(26): warning: In file included from...
C:/Users/gusta/AppData/Local/Arm/Packs/Keil/STM32F1xx_DFP/2.4.1/RTE_Driver/GPIO_STM32F10x.h(30): warning: In file included from...
C:/Users/gusta/AppData/Local/Arm/Packs/Keil/STM32F1xx_DFP/2.4.1/Device/Include\stm32f10x.h(18): warning: invalid UTF-8 in comment [-Winvalid-utf8]
  *              - To use or not the peripheral<92>s drivers in application code(i.e. 
                                               ^
C:/Users/gusta/AppData/Local/Arm/Packs/Keil/STM32F1xx_DFP/2.4.1/Device/Include\stm32f10x.h(19): warning: invalid UTF-8 in comment [-Winvalid-utf8]
  *                code will be based on direct access to peripheral<92>s registers 
                                                                    ^
C:/Users/gusta/AppData/Local/Arm/Packs/Keil/STM32F1xx_DFP/2.4.1/Device/Include\stm32f10x.h(26): warning: invalid UTF-8 in comment [-Winvalid-utf8]
  *           - Macros to access peripheral<92>s registers hardware
                                           ^
C:/Users/gusta/AppData/Local/Arm/Packs/Keil/STM32F1xx_DFP/2.4.1/RTE_Driver/GPIO_STM32F10x.c(26): warning: In file included from...
C:/Users/gusta/AppData/Local/Arm/Packs/Keil/STM32F1xx_DFP/2.4.1/RTE_Driver/GPIO_STM32F10x.h(39): warning: // comments are not allowed in this language [-Wcomment]
/// GPIO Pin identifier
^
C:/Users/gusta/AppData/Local/Arm/Packs/Keil/STM32F1xx_DFP/2.4.1/RTE_Driver/GPIO_STM32F10x.h(173): warning: '_Bool' is a C99 extension [-Wc99-extensions]
extern void GPIO_PortClock (GPIO_TypeDef *GPIOx, bool enable);
                                                 ^
C:\Keil_v5\ARM\ARMCLANG\Bin\..\include\stdbool.h(15): note: expanded from macro 'bool'
    #define bool _Bool
                 ^
C:/Users/gusta/AppData/Local/Arm/Packs/Keil/STM32F1xx_DFP/2.4.1/RTE_Driver/GPIO_STM32F10x.c(26): warning: In file included from...
C:/Users/gusta/AppData/Local/Arm/Packs/Keil/STM32F1xx_DFP/2.4.1/RTE_Driver/GPIO_STM32F10x.h(182): warning: '_Bool' is a C99 extension [-Wc99-extensions]
extern bool GPIO_GetPortClockState (GPIO_TypeDef *GPIOx);
       ^
C:\Keil_v5\ARM\ARMCLANG\Bin\..\include\stdbool.h(15): note: expanded from macro 'bool'
    #define bool _Bool
                 ^
C:/Users/gusta/AppData/Local/Arm/Packs/Keil/STM32F1xx_DFP/2.4.1/RTE_Driver/GPIO_STM32F10x.c(26): warning: In file included from...
C:/Users/gusta/AppData/Local/Arm/Packs/Keil/STM32F1xx_DFP/2.4.1/RTE_Driver/GPIO_STM32F10x.h(197): warning: '_Bool' is a C99 extension [-Wc99-extensions]
bool GPIO_PinConfigure(GPIO_TypeDef      *GPIOx,
^
C:\Keil_v5\ARM\ARMCLANG\Bin\..\include\stdbool.h(15): note: expanded from macro 'bool'
    #define bool _Bool
                 ^
C:/Users/gusta/AppData/Local/Arm/Packs/Keil/STM32F1xx_DFP/2.4.1/RTE_Driver/GPIO_STM32F10x.c(26): warning: In file included from...
C:/Users/gusta/AppData/Local/Arm/Packs/Keil/STM32F1xx_DFP/2.4.1/RTE_Driver/GPIO_STM32F10x.h(246): warning: implicit conversion loses integer precision: 'volatile uint32_t' (aka 'volatile unsigned int') to 'uint16_t' (aka 'unsigned short') [-Wimplicit-int-conversion]
  return (GPIOx->IDR);
  ~~~~~~  ~~~~~~~^~~
C:/Users/gusta/AppData/Local/Arm/Packs/Keil/STM32F1xx_DFP/2.4.1/RTE_Driver/GPIO_STM32F10x.c(47): warning: // comments are not allowed in this language [-Wcomment]
#define AFIO_MAPR_SWJ_CFG_VAL   (AFIO_SWJ_FULL)    // Full SWJ (JTAG-DP + SW-DP)
                                                   ^
C:/Users/gusta/AppData/Local/Arm/Packs/Keil/STM32F1xx_DFP/2.4.1/RTE_Driver/GPIO_STM32F10x.c(56): warning: '_Bool' is a C99 extension [-Wc99-extensions]
void GPIO_PortClock (GPIO_TypeDef *GPIOx, bool enable) {
                                          ^
C:\Keil_v5\ARM\ARMCLANG\Bin\..\include\stdbool.h(15): note: expanded from macro 'bool'
    #define bool _Bool
                 ^
C:/Users/gusta/AppData/Local/Arm/Packs/Keil/STM32F1xx_DFP/2.4.1/RTE_Driver/GPIO_STM32F10x.c(84): warning: '_Bool' is a C99 extension [-Wc99-extensions]
bool GPIO_GetPortClockState (GPIO_TypeDef *GPIOx) {
^
C:\Keil_v5\ARM\ARMCLANG\Bin\..\include\stdbool.h(15): note: expanded from macro 'bool'
    #define bool _Bool
                 ^
C:/Users/gusta/AppData/Local/Arm/Packs/Keil/STM32F1xx_DFP/2.4.1/RTE_Driver/GPIO_STM32F10x.c(111): warning: '_Bool' is a C99 extension [-Wc99-extensions]
bool GPIO_PinConfigure(GPIO_TypeDef *GPIOx, uint32_t num, GPIO_CONF conf,
^
C:\Keil_v5\ARM\ARMCLANG\Bin\..\include\stdbool.h(15): note: expanded from macro 'bool'
    #define bool _Bool
                 ^
C:/Users/gusta/AppData/Local/Arm/Packs/Keil/STM32F1xx_DFP/2.4.1/RTE_Driver/GPIO_STM32F10x.c(128): warning: integer constant not in range of enumerated type 'GPIO_CONF' [-Wassign-enum]
      conf &= ~1;
              ^
C:/Users/gusta/AppData/Local/Arm/Packs/Keil/STM32F1xx_DFP/2.4.1/RTE_Driver/GPIO_STM32F10x.c(140): warning: implicit conversion changes signedness: 'int' to 'unsigned int' [-Wsign-conversion]
  *reg &= ~(0xF << (num << 2));
       ~~ ^~~~~~~~~~~~~~~~~~~~
C:/Users/gusta/AppData/Local/Arm/Packs/Keil/STM32F1xx_DFP/2.4.1/RTE_Driver/GPIO_STM32F10x.c(141): warning: implicit conversion changes signedness: 'int' to 'unsigned int' [-Wsign-conversion]
  *reg |= ((conf << 2) | mode) << (num << 2);
       ~~ ~~~~~~~~~~~~~~~~~~~~~^~~~~~~~~~~~~
15 warnings generated.
compiling GPIO_STM32F10x.c...
linking...
Program Size: Code=2680 RO-data=288 RW-data=4 ZI-data=1644  
FromELF: creating hex file...
".\Objects\projeto_teclado.axf" - 0 Error(s), 50 Warning(s).

<h2>Software Packages used:</h2>

Package Vendor: ARM
                http://www.keil.com/pack/ARM.CMSIS.5.9.0.pack
                ARM.CMSIS.5.9.0
                CMSIS (Common Microcontroller Software Interface Standard)
   * Component: CORE Version: 5.6.0

Package Vendor: Keil
                https://www.keil.com/pack/Keil.STM32F1xx_DFP.2.4.1.pack
                Keil.STM32F1xx_DFP.2.4.1
                STMicroelectronics STM32F1 Series Device Support, Drivers and Examples
   * Component: GPIO Version: 1.3
   * Component: Startup Version: 1.0.0

<h2>Collection of Component include folders:</h2>
  ./RTE/Device/STM32F103C8
  ./RTE/_Target_1
  C:/Users/gusta/AppData/Local/Arm/Packs/ARM/CMSIS/5.9.0/CMSIS/Core/Include
  C:/Users/gusta/AppData/Local/Arm/Packs/Keil/STM32F1xx_DFP/2.4.1/Device/Include
  C:/Users/gusta/AppData/Local/Arm/Packs/Keil/STM32F1xx_DFP/2.4.1/RTE_Driver

<h2>Collection of Component Files used:</h2>

   * Component: ARM::CMSIS:CORE:5.6.0

   * Component: Keil::Device:GPIO:1.3
      Include file:  RTE_Driver/GPIO_STM32F10x.h
      Source file:   RTE_Driver/GPIO_STM32F10x.c

   * Component: Keil::Device:Startup:1.0.0
      Source file:   Device/Source/system_stm32f10x.c
      Source file:   Device/Source/ARM/STM32F1xx_OPT.s
      Include file:  RTE_Driver/Config/RTE_Device.h
      Source file:   Device/Source/ARM/startup_stm32f10x_md.s
Build Time Elapsed:  00:00:02
</pre>
</body>
</html>
